// Jest Snapshot v1, https://goo.gl/fbAQLP

exports[`<FilterForm /> Should create a snapshot 1`] = `
<div
  className="App"
>
  <SortButtons
    sortFolders={[Function]}
  />
  <FilterForm
    handleChange={[Function]}
  />
  <FoldersOrFiles
    columnReverse={false}
    filter=""
    folderItemElement={0}
    handleClick={[Function]}
    sortValue=""
    toggleInformation={false}
  />
</div>
`;
