// Jest Snapshot v1, https://goo.gl/fbAQLP

exports[`<FoldersOrFiles /> Should create a snapshot 1`] = `
<div
  className="Folders"
  style={
    Object {
      "flexDirection": "column",
    }
  }
>
  <div
    className="Folders__files"
    key="Employee Handbook"
  >
    <div
      className="Folders__item"
    >
      <div
        className="Folders__image"
      >
        <img
          alt="pdf"
          src="adobe.png"
        />
        <p>
          412
          mb
        </p>
      </div>
      <div
        className="Folders__information"
      >
        <p
          className="Folders__name"
        >
          Employee Handbook
        </p>
        <p
          className="Folders__added"
        >
          2017-01-06
        </p>
      </div>
    </div>
  </div>
  <div
    className="Folders__files"
    key="Public Holiday policy"
  >
    <div
      className="Folders__item"
    >
      <div
        className="Folders__image"
      >
        <img
          alt="pdf"
          src="adobe.png"
        />
        <p>
          112
          mb
        </p>
      </div>
      <div
        className="Folders__information"
      >
        <p
          className="Folders__name"
        >
          Public Holiday policy
        </p>
        <p
          className="Folders__added"
        >
          2016-12-06
        </p>
      </div>
    </div>
  </div>
  <div
    className="Folders__files"
    key="Expenses"
  >
    <div
      className="Folders__item"
    >
      <div
        className="Folders__image"
      >
        <img
          alt="folder"
          src="folder.png"
        />
        <p>
          900
          mb
        </p>
      </div>
      <div
        className="Folders__information"
      >
        <p
          className="Folders__name"
        >
          Expenses
        </p>
        <p
          className="Folders__added"
        >
          2017-05-02
        </p>
      </div>
      <i
        className="fas fa-chevron-right fa-2x"
        onClick={[Function]}
      />
    </div>
  </div>
  <div
    className="Folders__files"
    key="Cost centres"
  >
    <div
      className="Folders__item"
    >
      <div
        className="Folders__image"
      >
        <img
          alt="csv"
          src="csv.png"
        />
        <p>
          286
          mb
        </p>
      </div>
      <div
        className="Folders__information"
      >
        <p
          className="Folders__name"
        >
          Cost centres
        </p>
        <p
          className="Folders__added"
        >
          2016-08-12
        </p>
      </div>
    </div>
  </div>
  <div
    className="Folders__files"
    key="Misc"
  >
    <div
      className="Folders__item"
    >
      <div
        className="Folders__image"
      >
        <img
          alt="folder"
          src="folder.png"
        />
        <p>
          859
          mb
        </p>
      </div>
      <div
        className="Folders__information"
      >
        <p
          className="Folders__name"
        >
          Misc
        </p>
        <p
          className="Folders__added"
        >
          2015-04-24
        </p>
      </div>
      <i
        className="fas fa-chevron-right fa-2x"
        onClick={[Function]}
      />
    </div>
  </div>
</div>
`;
